// Jest Snapshot v1, https://goo.gl/fbAQLP

exports[`<Div/> app styled div snapshot 1`] = `
.c0 * {
  font-family: Roboto,sans-serif;
}

<styled.div>
  <div
    className="c0"
  />
</styled.div>
`;
