// Jest Snapshot v1, https://goo.gl/fbAQLP

exports[`<App/> app snapshot 1`] = `
<styled.div>
  <AppBar
    iconElementLeft={<GitHub />}
    showMenuIconButton={true}
    title="Docker Router"
    zDepth={1}
  />
  <Dashboard />
</styled.div>
`;
