// Jest Snapshot v1, https://goo.gl/fbAQLP

exports[`<Dashboard/> dashboard snapshot 1`] = `<styled.div />`;
